Source guest information (--print-source option):

    source name: 2K8R2EESP1_2_Medium
hypervisor type: vmware
         memory: 1073741824 (bytes)
       nr vCPUs: 1
   CPU features: 
       firmware: uefi
        display: 
          sound: 
disks:
	disk1.vmdk (vmdk) [scsi]
removable media:
	CD-ROM [ide]
NICs:
	Network "Network adapter 1"

