    source name: windows
hypervisor type: kvm
         memory: 1073741824 (bytes)
       nr vCPUs: 64
     CPU vendor: Intel
      CPU model: Broadwell
   CPU topology: sockets: 4 cores/socket: 8 threads/core: 2
   CPU features: pae,apic,acpi
       firmware: unknown
        display: 
          video: qxl
          sound: 
disks:
	windows.img (raw) [virtio-blk]
removable media:
NICs:
	Network "default" mac: 00:11:22:33:44:55 [virtio]
