Source guest information (--print-source option):

    source name: 2K8R2EESP1_2_Medium
hypervisor type: vmware
         memory: 1073741824 (bytes)
       nr vCPUs: 1
     CPU vendor: 
      CPU model: 
   CPU topology: sockets: - cores/socket: - threads/core: -
   CPU features: 
       firmware: bios
        display: 
          video: 
          sound: 
disks:
	.vmdk (vmdk) [scsi]
removable media:
	CD-ROM [ide] in slot 0
NICs:
	Network "Network adapter 1"

