Source guest information (--print-source option):

    source name: 2K8R2EESP1_2_Medium
hypervisor type: vmware
         memory: 1073741824 (bytes)
       nr vCPUs: 1
   CPU features: 
        display: 
disks:
	disk1.vmdk (vmdk) [hda]
	disk2.vmdk (vmdk) [hdb]
removable media:
	CD-ROM [hda]
NICs:
	Network "Network adapter 1"

